<div>
  Host app
</div>
<button>
  Load Slot1
</button>
<div />
<div>
  <p>
    test_html for slot_2
  </p>
</div>
<script>
  $csr_slot_done_and_error_index_C=(window.$csr_slot_done_and_error_index_C||[]).concat({"l":1,"w":[["s0-8",0,{},{"f":1}]],"t":["BQ+bMDNF"]})
</script>